GAMS 46.5.0  a671108d May 8, 2024           WEX-WEI x86 64bit/MS Windows - 12/10/24 14:59:29 Page 1
G e n e r a l   A l g e b r a i c   M o d e l i n g   S y s t e m
C o m p i l a t i o n


   1  parameter
   2          rep_f   'Flows, both energy and volume based'
   3          rep_k   'Capacities "energy based" and some input data'
   4          rep_n   'Nodal mass balances, flow based so not scaled with num represented hours'
   5          rep_y
   6          rep_ar   'Arc changes over time: "Repurposing report"'
   7          rep_c   'Cost overview'
   8          rep_b   'Binary decisions'
   9          rep_w   'storage'
  10          rep_ff  Nodal arc flow details
  11          rep_fn  Nodal flows
  12          rep_y   Yearly aggregates
  13  ;
  14  rep_n(n,e,y,h,'+','P')=Q_P.l(n,e,y,h)+ sum(f,Q_B.l(n,e,f,y,h));
****        $120,120,120,120     $140            $120,340,140
**** 120  Unknown identifier entered as set
**** 140  Unknown symbol
**** 340  A label/element with the same name exist. You may have forgotten
****         to quote a label/element reference. For example,
****         set i / a,b,c /; parameter x(i); x('a') = 10;
  15  rep_n(n,e,y,h,'+','A')=sum(a$a_e(a,n),F_A.l(a,e,y,h)*e_a(a,e));
****                             $120,340,140   $140         $140
**** 120  Unknown identifier entered as set
**** 140  Unknown symbol
**** 340  A label/element with the same name exist. You may have forgotten
****         to quote a label/element reference. For example,
****         set i / a,b,c /; parameter x(i); x('a') = 10;
  16  rep_n(n,e,y,h,'+','LNG')=Q_R.l(n,e,y,h);
****                               $140
**** 140  Unknown symbol
  17  rep_n(n,e,y,h,'+','W')=Q_E.l(n,e,y,h);
****                             $140
**** 140  Unknown symbol
  18  rep_n(n,e,y,h,'+',f)=  Q_B.l(n,f,e,y,h);
  19  *rep_n(n,e,y,h,'-','D')=Q_S.l(n,e,y,h);
  20  rep_n(n,e,y,h,'-','D')= dmd(n,e,y,h);
****                            $140
**** 140  Unknown symbol
  21  rep_n(n,e,y,h,'-','A')=sum(a$a_s(a,n),F_A.l(a,e,y,h));
****                                 $140
**** 140  Unknown symbol
  22  rep_n(n,e,y,h,'-','W')=Q_I.l(n,e,y,h);
****                             $140
**** 140  Unknown symbol
  23  rep_n(n,e,y,h,'-',f)=  Q_B.l(n,e,f,y,h);
  24  rep_n(n,e,y,h,'Z',z)=  ZDS.l(z,n,e,y,h);
****                    $120,340 $140
**** 120  Unknown identifier entered as set
**** 140  Unknown symbol
**** 340  A label/element with the same name exist. You may have forgotten
****         to quote a label/element reference. For example,
****         set i / a,b,c /; parameter x(i); x('a') = 10;
  25  *rep_n(n,e,y,h,'Z','A-')=sum(a$a_s(a,n),ZXA_FS.l(a,y));
  26  rep_n(n,e,y,h,'-','D2')$is_h(e)=sum((c,rgn,nuts2)$(n_in_c(n,c)*n_in_r(n,rgn)*n_in_2(n,nuts2)),  dmd2 (nuts2,e,y,h)*dat_n(n,c,nuts2,rgn,e));
****                             $140      $120,340,120,340,120,340,140   $140          $300
**** 120  Unknown identifier entered as set
**** 140  Unknown symbol
**** 300  Remaining errors not printed for this line
**** 340  A label/element with the same name exist. You may have forgotten
****         to quote a label/element reference. For example,
****         set i / a,b,c /; parameter x(i); x('a') = 10;
  27  rep_n(n,e,y,h,'Z','N2')$is_h(e)=sum((c,rgn,nuts2)$(n_in_c(n,c)*n_in_r(n,rgn)*n_in_2(n,nuts2)),  ZN2.l(nuts2,e,y,h)*dat_n(n,c,nuts2,rgn,e));
****                                                                                                      $140
**** 140  Unknown symbol
  28   
  29  set cat /'+','-','Z'/, item /P,LNG,D,D2,A,W,C,G,H,A-,ZA,ZD,ZMD,ZMS,ZPL,ZPU,N2/;
  30  rep_y(n,e,y,cat,item)=sum(h, scaleUp(h)*rep_n(n,e,y,h,cat,item))*365/sum(h,scaleUp(h));
****                                     $140
**** 140  Unknown symbol
  31   
  32  *rep_n(n,e,y,h,'0','MB-dual')=mb.m(n,e,y,h);
  33  rep_ff(n,e,y,h,'+','A')=sum(a$a_e(a,n),F_A.l(a,e,y,h)*e_a(a,e));
  34  rep_ff(n,e,y,h,'-','A')=sum(a$a_s(a,n),F_A.l(a,e,y,h));
  35  rep_ff(n,e,y,h,a,'F+')$a_e(a,n)=F_A.l(a,e,y,h)*e_a(a,e);
  36  rep_ff(n,e,y,h,a,'F-')$a_s(a,n)=F_A.l(a,e,y,h);
  37   
  38  rep_fn(n,m,e,y,h)=sum(a$anm(a,n,m),F_A.l(a,e,y,h));
****           $120,340         $140
**** 120  Unknown identifier entered as set
**** 140  Unknown symbol
**** 340  A label/element with the same name exist. You may have forgotten
****         to quote a label/element reference. For example,
****         set i / a,b,c /; parameter x(i); x('a') = 10;
  39   
  40   
  41  rep_k(n,e,y,h,'K','P')=cap_p(n,e,y,h);
****                             $140
**** 140  Unknown symbol
  42  rep_k(n,e,y,h,'K','D')=dmd(n,e,y,h);
  43  rep_k(n,e,y,h,'K','A+')=sum(a$a_e(a,n),K_A.l(a,e,y)*e_a(a,e));
****                                             $140
**** 140  Unknown symbol
  44  rep_k(n,e,y,h,'K','A+(+BD)')=sum(a$a_e(a,n),(K_A.l(a,e,y)+K_OPP.l(a,e,y))*e_a(a,e));
****                                                                  $140
**** 140  Unknown symbol
  45  rep_k(n,e,y,h,'X','A+')=sum(a$a_e(a,n),X_A.l(a,e,y)*e_a(a,e));
****                                             $140
**** 140  Unknown symbol
  46  rep_k(n,e,y,h,'K','A-')=sum(a$a_s(a,n),K_A.l(a,e,y));
  47  rep_k(n,e,y,h,'K','A-(+BD)')=sum(a$a_s(a,n),K_A.l(a,e,y)+K_OPP.l(a,e,y));
  48  rep_k(n,e,y,h,'X','A-')=sum(a$a_s(a,n),X_A.l(a,e,y));
  49   
  50  rep_f(a,e,y,h,'Cap')= K_A.l(a,e,y);
  51  rep_f(a,e,y,h,'Cap-BD')$K_OPP.l(a,e,y)= K_A.l(a,e,y)+K_OPP.l(a,e,y);
  52  rep_f(a,e,y,h,'Flow')=F_A.l(a,e,y,h);
  53  rep_f(a,e,y,h,'Vol')= F_A.l(a,e,y,h)*vola2(e);
****                                           $140
**** 140  Unknown symbol
  54   
  55  *rep_ar(a,e,y,'purp+')=  max(0, sum(f,K_RA.l(a,f,e,y))-sum(f,K_RA.l(a,e,f,y)));
  56  *rep_ar(a,e,y,'purp-')=  min(0, sum(f,K_RA.l(a,f,e,y))-sum(f,K_RA.l(a,e,f,y)));
  57  rep_ar(a,e,y,'purp')=          sum(f,K_RA.l(a,f,e,y))-sum(f,K_RA.l(a,e,f,y));
****                                            $140
**** 140  Unknown symbol
  58  rep_ar(a,e,y,'expans')= X_A.l(a,e,y);
  59  rep_ar(a,e,y,'bidir')=  K_OPP.l(a,e,y);
  60  rep_ar(a,e,y,'cap')=    K_A.l(a,e,y);
  61  rep_ar(a,e,y,'capBD')$K_OPP.l(a,e,y)=  K_A.l(a,e,y)+K_OPP.l(a,e,y);
  62  *rep_ar(a,e,y,'(F-H1)')= sum(h$(ord(h))=1,F_A.l(a,e,y,h));
  63  *rep_ar(a,e,y,'(F-H2)')= sum(h$(ord(h))=2,F_A.l(a,e,y,h));
  64  rep_ar(a,e,y,h)=        F_A.l(a,e,y,h);
  65   
  66  rep_c(n,e,y,'TOT','expans-','nom')=  sum(a$a_s(a,n),     c_ax(a,e,y)*  X_A.l(a,e,y));
****                                                              $140
**** 140  Unknown symbol
  67  rep_c(n,f,y,'TOT','purp', 'nom')=    sum((a,e)$a_s(a,n), c_ar(a,e,f,y)*K_RA.l(a,e,f,y) + f_ar(a,e,f,y) * B_AR.l(a,e,f,y));
****                                                              $140                            $140              $140
**** 140  Unknown symbol
  68  rep_c(n,e,y,'TOT','bidir','nom')=    sum(a$a_s(a,n),     c_ab(a,e,y)*  K_BD.l(a,e,y));
****                                                              $140            $140
**** 140  Unknown symbol
  69  *rep_c(n,'',y,'TOT','bidfx','nom')= sum(a$a_s(a,n),     f_ab(a,y)*B_BD.l(a,y));
  70  *rep_c(n,e,y,'TOT','bidfx','nom')$sum(a$a_s(a,n),K_BD.l(a,e,y))= sum(a$a_s(a,n),     f_ab(a,y)*B_BD.l(a,y));
  71  rep_c(n,'TOT',y,'TOT','bidfx','nom')$sum((a,e)$a_s(a,n),K_BD.l(a,e,y))= sum(a$a_s(a,n),     f_ab(a,y)*B_BD.l(a,y));
****                                                                                                 $140        $140
**** 140  Unknown symbol
  72  rep_c(n,e,y,h,'prod', 'nom')=                            c_p(n,e,y)*  Q_P.l(n,e,y,h)*   scaleUp(h);
****                                                             $140
**** 140  Unknown symbol
  73  rep_c(n,e,y,h,'flow-','nom')=        sum(a$a_s(a,n),     c_a(a,e,y)*  F_A.l(a,e,y,h))*  scaleUp(h);
****                                                             $140
**** 140  Unknown symbol
  74  rep_c(n,e,y,h,Z,  'nom')=                                c_z(z,e)*    ZDS.l(z,n,e,y,h)* scaleUp(h);
****                                                             $140
**** 140  Unknown symbol
  75  *rep_c(n,e,y,h,'ZXA','nom')=          sum(a$a_s(a,n),     c_az*        ZXA_FS.l(a,y))  * scaleUp(h);
  76  rep_c(n,e,y,h,'ZN2','nom')=          sum((c,rgn,nuts2)$(n_in_c(n,c)*n_in_r(n,rgn)*n_in_2(n,nuts2)), c_z('ZD2',e)* ZN2.l(nuts2,e,y,h)*dat_n(n,c,nuts2,rgn,e))* scaleUp(h);
****                                                                                                              $116
**** 116  Label is unknown
  77  rep_c(n,e,y,h,'Stor','nom')=                             c_we(n,e)*   Q_E.l(n,e,y,h)* scaleUp(h);
****                                                              $140
**** 140  Unknown symbol
  78  rep_c(n,e,y,h,'Regas','nom')=                            c_lr(n,e)*   Q_R.l(n,e,y,h)* scaleUp(h);
****                                                              $140
**** 140  Unknown symbol
  79  rep_c(n,e,y,h,'Blend','nom')=        sum(f,              c_bl(e,f)*   Q_B.l(n,e,f,y,h))* scaleUp(h);
****                                                              $140
**** 140  Unknown symbol
  80   
  81   
  82  rep_c(n,e,y,'TOT','expans-','vol')=sum(a$a_s(a,n),     X_A.l(a,e,y));
  83  rep_c(n,f,y,'TOT','purp', 'vol')=  sum((a,e)$(a_s(a,n) AND ord(e)<>ord(f)), K_RA.l(a,e,f,y));
  84  rep_c(n,e,y,'TOT','bidir','vol')=  sum(a$a_s(a,n),     K_BD.l(a,e,y));
  85   
  86  *Try conditional on K_BD.l(a,e,y)
  87  rep_c(n,'TOT',y,'TOT','bidfx','vol')$sum((a,e)$a_s(a,n),K_BD.l(a,e,y))= sum(a$a_s(a,n),    B_BD.l(a,y));
  88  *rep_c(n,e,y,'TOT','bidfx','vol')$  sum(a$a_s(a,n),     K_BD.l(a,e,y))= sum(a$a_s(a,n),     B_BD.l(a,y));
  89   
  90  rep_c(n,e,y,h,'prod', 'vol')=                        Q_P.l(n,e,y,h)*    scaleUp(h);
  91  rep_c(n,e,y,h,'flow-','vol')=      sum(a$a_s(a,n),     F_A.l(a,e,y,h))* scaleUp(h);
  92  rep_c(n,e,y,h,z,  'vol')=                              ZDS.l(z,n,e,y,h)*scaleUp(h);
  93  *rep_c(n,e,y,h,'ZXA','vol')=        sum(a$a_s(a,n), ZXA_FS.l(a,y))  *scaleUp(h);
  94   
  95   
      Make conditional on positive volumes
      rep_c(n,e,y,'TOT','expans-','ucost')=sum(a$a_s(a,n),     c_ax(a,e,y));
      rep_c(n,f,y,'TOT','purp', 'ucost')=  sum((a,e)$a_s(a,n), c_ar(a,e,f,y));
      rep_c(n,e,y,'TOT','bidir','ucost')=  sum(a$a_s(a,n),     c_ab(a,e,y));
      rep_c(n,'',y,'TOT','bidfx','ucost')= sum(a$a_s(a,n),     f_ab(a,y));
      rep_c(n,e,y,h,'prod', 'ucost')=                        c_p(n,e,y);
      rep_c(n,e,y,h,'flow-','ucost')=    sum(a$a_s(a,n),     c_a(a,e,y));
      rep_c(n,e,y,h,'Z_D',  'ucost')=                        c_dz(e);
      rep_c(n,e,y,h,'Z_U',  'ucost')=                        c_pz(e);
      rep_c(n,e,y,h,'Z_L',  'ucost')=                        c_pz(e);
 108   
 109  rep_c(n,e,y,h,    aux_rep_c, 'disc')=  r(y)*EOH(y)*rep_c(n,e,y,h,aux_rep_c,'nom');
****                            $120,340     $140   $140
**** 120  Unknown identifier entered as set
**** 140  Unknown symbol
**** 340  A label/element with the same name exist. You may have forgotten
****         to quote a label/element reference. For example,
****         set i / a,b,c /; parameter x(i); x('a') = 10;
 110  rep_c(n,'TOT',y,'TOT','bidfx','disc')= r(y)*EOH(y)*rep_c(n,'TOT',y,'TOT','bidfx','nom');
 111  rep_c(n,e,y,'TOT',aux_rep_c, 'disc')=  r(y)*EOH(y)*rep_c(n,e,y,'TOT',aux_rep_c,'nom')+sum(h,rep_c(n,e,y,h,aux_rep_c, 'disc'));
 112  rep_c('TOT','TOT','TOT','TOT','TOT','disc')=sum((n,e,y,aux_rep_c),rep_c(n,e,y,'TOT',aux_rep_c, 'disc'))+sum((n,y),rep_c(n,'TOT',y,'TOT','bidfx','disc'));
 113  rep_c('TOT','TOT','TOT','TOT','TOT','Obj')=TC.l;
****                                                $140
**** 140  Unknown symbol
 114   
 115  rep_b(a,e,e,y,'invest')$X_A.l(a,e,y)=       1;
 116  *rep_b(a,e,f,y,'RepurpArc')$(ord(e)<>ord(f))=   B_AR.l(a,e,f,y);
 117  rep_b(a,e,f,y,'RepurpArc')$((K_BD.l(a,e,y)>0.001))=   B_AR.l(a,e,f,y);
 118  rep_b(a,e,e,y,'bidir')$(K_BD.l(a,e,y)>0.001)=  B_BD.l(a,y);
 119   
 120  rep_w(n,e,h,y,'Flow')=            Q_E.l(n,e,y,h)-Q_I.l(n,e,y,h);
 121  rep_w(n,e,h,y,'Vol')= scaleUp(h)*(Q_E.l(n,e,y,h)-Q_I.l(n,e,y,h));
 122   
 123  execute_unload 'gdx/%string%_results',
 124      rep_n,rep_k,rep_f,rep_ar, rep_c, rep_b, rep_w, rep_ff, rep_fn, rep_y
 125  ;

**** 65 ERROR(S)   0 WARNING(S)


COMPILATION TIME     =        0.016 SECONDS      3 MB  46.5.0 a671108d WEX-WEI


USER: Small MUD - 5 User License                     S240604|0002AP-GEN
      Norwegian University of Science and Technology             DC7530
      License for teaching and research at degree granting institutions


**** FILE SUMMARY

Input      E:\Dropbox\MGET\MGET_package\report.gms
Output     E:\Dropbox\MGET\MGET_package\report.lst

**** USER ERROR(S) ENCOUNTERED
